Starting app "Predictive Sensor Controller"
Sketch profile configured: Name="default", Port=""
The library Arduino_RPClite has been automatically added from sketch project.
The library Arduino_RouterBridge has been automatically added from sketch project.
The library ArxContainer has been automatically added from sketch project.
The library ArxTypeTraits has been automatically added from sketch project.
The library DebugLog has been automatically added from sketch project.
The library MsgPack has been automatically added from sketch project.
The library VL53L1X has been automatically added from sketch project.
Sketch uses 25852 bytes (1%) of program storage space. Maximum is 1966080 bytes.
Global variables use 5992 bytes (1%) of dynamic memory, leaving 517632 bytes for local variables. Maximum is 523624 bytes.
Open On-Chip Debugger 0.12.0+dev-ge6a2c12f4 (2025-05-22-15:51)
Licensed under GNU GPL v2
For bug reports, read
http://openocd.org/doc/doxygen/bugs.html
debug_level: 2
clock_config
/tmp/remoteocd/sketch.elf-zsk.bin
Info : Linux GPIOD JTAG/SWD bitbang driver (libgpiod v2)
Info : Note: The adapter "linuxgpiod" doesn't support configurable speed
Info : SWD DPIDR 0x0be12477
Info : [stm32u5.ap0] Examination succeed
Info : [stm32u5.cpu] Cortex-M33 r0p4 processor detected
Info : [stm32u5.cpu] target has 8 breakpoints, 4 watchpoints
Info : [stm32u5.cpu] Examination succeed
Info : [stm32u5.ap0] gdb port disabled
Info : [stm32u5.cpu] starting gdb server on 3333
Info : Listening on port 3333 for gdb connections
CPU in Non-Secure state
[stm32u5.cpu] halted due to debug-request, current mode: Thread 
xPSR: 0x41000000 pc: 0x08014146 psp: 0x200216e8
[stm32u5.cpu] halted due to breakpoint, current mode: Thread 
xPSR: 0x09000000 pc: 0x0800550c psp: 0x20029460
shutdown command invoked
20032738
python provisioning
python downloading
Container predictivesensorcontroller-main-1  Created
Container predictivesensorcontroller-main-1  Starting
Container predictivesensorcontroller-main-1  Started